[     108ms] [INFO] %cDownload the React DevTools for a better development experience: https://react.dev/link/react-devtools font-weight:bold @ http://localhost:5173/node_modules/.vite/deps/react-dom_client.js?v=6adf5025:15804
[     350ms] [WARNING] THREE.Clock: This module has been deprecated. Please use THREE.Timer instead. @ http://localhost:5173/@vite/client:298
[     388ms] [WARNING] WebGL: INVALID_OPERATION: texImage3D: FLIP_Y or PREMULTIPLY_ALPHA isn't allowed for uploading 3D textures @ http://localhost:5173/node_modules/.vite/deps/three.js?v=2c5df706:47642
[     388ms] [WARNING] WebGL: INVALID_OPERATION: texImage3D: FLIP_Y or PREMULTIPLY_ALPHA isn't allowed for uploading 3D textures @ http://localhost:5173/node_modules/.vite/deps/three.js?v=2c5df706:47642
[     426ms] [WARNING] THREE.Clock: This module has been deprecated. Please use THREE.Timer instead. @ http://localhost:5173/@vite/client:298
[   29805ms] [WARNING] WebGL: INVALID_OPERATION: uniform1f: location is not from the associated program @ http://localhost:5173/node_modules/.vite/deps/three.js?v=2c5df706:44919
[   29805ms] [WARNING] WebGL: INVALID_OPERATION: uniformMatrix4fv: location is not from the associated program @ http://localhost:5173/node_modules/.vite/deps/three.js?v=2c5df706:45012
[   29834ms] [WARNING] WebGL: INVALID_OPERATION: uniform1f: location is not from the associated program @ http://localhost:5173/node_modules/.vite/deps/three.js?v=2c5df706:44919
[   29834ms] [WARNING] WebGL: INVALID_OPERATION: uniformMatrix4fv: location is not from the associated program @ http://localhost:5173/node_modules/.vite/deps/three.js?v=2c5df706:45012
[   29854ms] [WARNING] WebGL: INVALID_OPERATION: uniform1f: location is not from the associated program @ http://localhost:5173/node_modules/.vite/deps/three.js?v=2c5df706:44919
[   29854ms] [WARNING] WebGL: INVALID_OPERATION: uniformMatrix4fv: location is not from the associated program @ http://localhost:5173/node_modules/.vite/deps/three.js?v=2c5df706:45012
[   29855ms] [WARNING] WebGL: INVALID_OPERATION: uniform1f: location is not from the associated program @ http://localhost:5173/node_modules/.vite/deps/three.js?v=2c5df706:44919
[   29855ms] [WARNING] WebGL: INVALID_OPERATION: uniformMatrix4fv: location is not from the associated program @ http://localhost:5173/node_modules/.vite/deps/three.js?v=2c5df706:45012
[   29882ms] [WARNING] WebGL: INVALID_OPERATION: uniform1f: location is not from the associated program @ http://localhost:5173/node_modules/.vite/deps/three.js?v=2c5df706:44919
[   29882ms] [WARNING] WebGL: INVALID_OPERATION: uniformMatrix4fv: location is not from the associated program @ http://localhost:5173/node_modules/.vite/deps/three.js?v=2c5df706:45012
[   29882ms] [WARNING] WebGL: INVALID_OPERATION: uniform1f: location is not from the associated program @ http://localhost:5173/node_modules/.vite/deps/three.js?v=2c5df706:44919
[   29883ms] [WARNING] WebGL: INVALID_OPERATION: uniformMatrix4fv: location is not from the associated program @ http://localhost:5173/node_modules/.vite/deps/three.js?v=2c5df706:45012
[   29898ms] [WARNING] WebGL: INVALID_OPERATION: uniform1f: location is not from the associated program @ http://localhost:5173/node_modules/.vite/deps/three.js?v=2c5df706:44919
[   29898ms] [WARNING] WebGL: INVALID_OPERATION: uniformMatrix4fv: location is not from the associated program @ http://localhost:5173/node_modules/.vite/deps/three.js?v=2c5df706:45012
[   29899ms] [WARNING] WebGL: INVALID_OPERATION: uniform1f: location is not from the associated program @ http://localhost:5173/node_modules/.vite/deps/three.js?v=2c5df706:44919
[   29899ms] [WARNING] WebGL: INVALID_OPERATION: uniformMatrix4fv: location is not from the associated program @ http://localhost:5173/node_modules/.vite/deps/three.js?v=2c5df706:45012
[   29915ms] [WARNING] WebGL: INVALID_OPERATION: uniform1f: location is not from the associated program @ http://localhost:5173/node_modules/.vite/deps/three.js?v=2c5df706:44919
[   29915ms] [WARNING] WebGL: INVALID_OPERATION: uniformMatrix4fv: location is not from the associated program @ http://localhost:5173/node_modules/.vite/deps/three.js?v=2c5df706:45012
[   29916ms] [WARNING] WebGL: INVALID_OPERATION: uniform1f: location is not from the associated program @ http://localhost:5173/node_modules/.vite/deps/three.js?v=2c5df706:44919
[   29916ms] [WARNING] WebGL: INVALID_OPERATION: uniformMatrix4fv: location is not from the associated program @ http://localhost:5173/node_modules/.vite/deps/three.js?v=2c5df706:45012
[   29932ms] [WARNING] WebGL: INVALID_OPERATION: uniform1f: location is not from the associated program @ http://localhost:5173/node_modules/.vite/deps/three.js?v=2c5df706:44919
[   29932ms] [WARNING] WebGL: INVALID_OPERATION: uniformMatrix4fv: location is not from the associated program @ http://localhost:5173/node_modules/.vite/deps/three.js?v=2c5df706:45012
[   29932ms] [WARNING] WebGL: INVALID_OPERATION: uniform1f: location is not from the associated program @ http://localhost:5173/node_modules/.vite/deps/three.js?v=2c5df706:44919
[   29932ms] [WARNING] WebGL: INVALID_OPERATION: uniformMatrix4fv: location is not from the associated program @ http://localhost:5173/node_modules/.vite/deps/three.js?v=2c5df706:45012
[   29948ms] [WARNING] WebGL: INVALID_OPERATION: uniform1f: location is not from the associated program @ http://localhost:5173/node_modules/.vite/deps/three.js?v=2c5df706:44919
[   29948ms] [WARNING] WebGL: INVALID_OPERATION: uniformMatrix4fv: location is not from the associated program @ http://localhost:5173/node_modules/.vite/deps/three.js?v=2c5df706:45012
[   29949ms] [WARNING] WebGL: INVALID_OPERATION: uniform1f: location is not from the associated program @ http://localhost:5173/node_modules/.vite/deps/three.js?v=2c5df706:44919
[   29949ms] [WARNING] WebGL: INVALID_OPERATION: uniformMatrix4fv: location is not from the associated program @ http://localhost:5173/node_modules/.vite/deps/three.js?v=2c5df706:45012
[   29965ms] [WARNING] WebGL: INVALID_OPERATION: uniform1f: location is not from the associated program @ http://localhost:5173/node_modules/.vite/deps/three.js?v=2c5df706:44919
[   29965ms] [WARNING] WebGL: INVALID_OPERATION: uniformMatrix4fv: location is not from the associated program @ http://localhost:5173/node_modules/.vite/deps/three.js?v=2c5df706:45012
[   29966ms] [WARNING] WebGL: INVALID_OPERATION: uniform1f: location is not from the associated program @ http://localhost:5173/node_modules/.vite/deps/three.js?v=2c5df706:44919
[   29966ms] [WARNING] WebGL: INVALID_OPERATION: uniformMatrix4fv: location is not from the associated program @ http://localhost:5173/node_modules/.vite/deps/three.js?v=2c5df706:45012
[   29981ms] [WARNING] WebGL: INVALID_OPERATION: uniform1f: location is not from the associated program @ http://localhost:5173/node_modules/.vite/deps/three.js?v=2c5df706:44919
[   29982ms] [WARNING] WebGL: INVALID_OPERATION: uniformMatrix4fv: location is not from the associated program @ http://localhost:5173/node_modules/.vite/deps/three.js?v=2c5df706:45012
[   29982ms] [WARNING] WebGL: INVALID_OPERATION: uniform1f: location is not from the associated program @ http://localhost:5173/node_modules/.vite/deps/three.js?v=2c5df706:44919
[   29982ms] [WARNING] WebGL: INVALID_OPERATION: uniformMatrix4fv: location is not from the associated program @ http://localhost:5173/node_modules/.vite/deps/three.js?v=2c5df706:45012
[   29998ms] [WARNING] WebGL: INVALID_OPERATION: uniform1f: location is not from the associated program @ http://localhost:5173/node_modules/.vite/deps/three.js?v=2c5df706:44919
[   29998ms] [WARNING] WebGL: INVALID_OPERATION: uniformMatrix4fv: location is not from the associated program @ http://localhost:5173/node_modules/.vite/deps/three.js?v=2c5df706:45012
[   29999ms] [WARNING] WebGL: INVALID_OPERATION: uniform1f: location is not from the associated program @ http://localhost:5173/node_modules/.vite/deps/three.js?v=2c5df706:44919
[   29999ms] [WARNING] WebGL: INVALID_OPERATION: uniformMatrix4fv: location is not from the associated program @ http://localhost:5173/node_modules/.vite/deps/three.js?v=2c5df706:45012
[   30016ms] [WARNING] WebGL: INVALID_OPERATION: uniform1f: location is not from the associated program @ http://localhost:5173/node_modules/.vite/deps/three.js?v=2c5df706:44919
[   30016ms] [WARNING] WebGL: INVALID_OPERATION: uniformMatrix4fv: location is not from the associated program @ http://localhost:5173/node_modules/.vite/deps/three.js?v=2c5df706:45012
[   30016ms] [WARNING] WebGL: INVALID_OPERATION: uniform1f: location is not from the associated program @ http://localhost:5173/node_modules/.vite/deps/three.js?v=2c5df706:44919
[   30016ms] [WARNING] WebGL: INVALID_OPERATION: uniformMatrix4fv: location is not from the associated program @ http://localhost:5173/node_modules/.vite/deps/three.js?v=2c5df706:45012
[   30031ms] [WARNING] WebGL: INVALID_OPERATION: uniform1f: location is not from the associated program @ http://localhost:5173/node_modules/.vite/deps/three.js?v=2c5df706:44919
[   30031ms] [WARNING] WebGL: INVALID_OPERATION: uniformMatrix4fv: location is not from the associated program @ http://localhost:5173/node_modules/.vite/deps/three.js?v=2c5df706:45012
[   30032ms] [WARNING] WebGL: INVALID_OPERATION: uniform1f: location is not from the associated program @ http://localhost:5173/node_modules/.vite/deps/three.js?v=2c5df706:44919
[   30032ms] [WARNING] WebGL: INVALID_OPERATION: uniformMatrix4fv: location is not from the associated program @ http://localhost:5173/node_modules/.vite/deps/three.js?v=2c5df706:45012
[   30048ms] [WARNING] WebGL: INVALID_OPERATION: uniform1f: location is not from the associated program @ http://localhost:5173/node_modules/.vite/deps/three.js?v=2c5df706:44919
[   30048ms] [WARNING] WebGL: INVALID_OPERATION: uniformMatrix4fv: location is not from the associated program @ http://localhost:5173/node_modules/.vite/deps/three.js?v=2c5df706:45012
[   30049ms] [WARNING] WebGL: INVALID_OPERATION: uniform1f: location is not from the associated program @ http://localhost:5173/node_modules/.vite/deps/three.js?v=2c5df706:44919
[   30049ms] [WARNING] WebGL: INVALID_OPERATION: uniformMatrix4fv: location is not from the associated program @ http://localhost:5173/node_modules/.vite/deps/three.js?v=2c5df706:45012
[   30064ms] [WARNING] WebGL: INVALID_OPERATION: uniform1f: location is not from the associated program @ http://localhost:5173/node_modules/.vite/deps/three.js?v=2c5df706:44919
[   30065ms] [WARNING] WebGL: INVALID_OPERATION: uniformMatrix4fv: location is not from the associated program @ http://localhost:5173/node_modules/.vite/deps/three.js?v=2c5df706:45012
[   30065ms] [WARNING] WebGL: INVALID_OPERATION: uniform1f: location is not from the associated program @ http://localhost:5173/node_modules/.vite/deps/three.js?v=2c5df706:44919
[   30065ms] [WARNING] WebGL: INVALID_OPERATION: uniformMatrix4fv: location is not from the associated program @ http://localhost:5173/node_modules/.vite/deps/three.js?v=2c5df706:45012
[   30083ms] [WARNING] WebGL: INVALID_OPERATION: uniform1f: location is not from the associated program @ http://localhost:5173/node_modules/.vite/deps/three.js?v=2c5df706:44919
[   30083ms] [WARNING] WebGL: INVALID_OPERATION: uniformMatrix4fv: location is not from the associated program @ http://localhost:5173/node_modules/.vite/deps/three.js?v=2c5df706:45012
[   30083ms] [WARNING] WebGL: INVALID_OPERATION: uniform1f: location is not from the associated program @ http://localhost:5173/node_modules/.vite/deps/three.js?v=2c5df706:44919
[   30083ms] [WARNING] WebGL: INVALID_OPERATION: uniformMatrix4fv: location is not from the associated program @ http://localhost:5173/node_modules/.vite/deps/three.js?v=2c5df706:45012
[   30097ms] [WARNING] WebGL: INVALID_OPERATION: uniform1f: location is not from the associated program @ http://localhost:5173/node_modules/.vite/deps/three.js?v=2c5df706:44919
[   30098ms] [WARNING] WebGL: INVALID_OPERATION: uniformMatrix4fv: location is not from the associated program @ http://localhost:5173/node_modules/.vite/deps/three.js?v=2c5df706:45012
[   30099ms] [WARNING] WebGL: INVALID_OPERATION: uniform1f: location is not from the associated program @ http://localhost:5173/node_modules/.vite/deps/three.js?v=2c5df706:44919
[   30099ms] [WARNING] WebGL: INVALID_OPERATION: uniformMatrix4fv: location is not from the associated program @ http://localhost:5173/node_modules/.vite/deps/three.js?v=2c5df706:45012
[   30115ms] [WARNING] WebGL: INVALID_OPERATION: uniform1f: location is not from the associated program @ http://localhost:5173/node_modules/.vite/deps/three.js?v=2c5df706:44919
[   30115ms] [WARNING] WebGL: INVALID_OPERATION: uniformMatrix4fv: location is not from the associated program @ http://localhost:5173/node_modules/.vite/deps/three.js?v=2c5df706:45012
[   30116ms] [WARNING] WebGL: INVALID_OPERATION: uniform1f: location is not from the associated program @ http://localhost:5173/node_modules/.vite/deps/three.js?v=2c5df706:44919
[   30116ms] [WARNING] WebGL: INVALID_OPERATION: uniformMatrix4fv: location is not from the associated program @ http://localhost:5173/node_modules/.vite/deps/three.js?v=2c5df706:45012
[   30132ms] [WARNING] WebGL: INVALID_OPERATION: uniform1f: location is not from the associated program @ http://localhost:5173/node_modules/.vite/deps/three.js?v=2c5df706:44919
[   30132ms] [WARNING] WebGL: INVALID_OPERATION: uniformMatrix4fv: location is not from the associated program @ http://localhost:5173/node_modules/.vite/deps/three.js?v=2c5df706:45012
[   30133ms] [WARNING] WebGL: INVALID_OPERATION: uniform1f: location is not from the associated program @ http://localhost:5173/node_modules/.vite/deps/three.js?v=2c5df706:44919
[   30133ms] [WARNING] WebGL: INVALID_OPERATION: uniformMatrix4fv: location is not from the associated program @ http://localhost:5173/node_modules/.vite/deps/three.js?v=2c5df706:45012
[   30149ms] [WARNING] WebGL: INVALID_OPERATION: uniform1f: location is not from the associated program @ http://localhost:5173/node_modules/.vite/deps/three.js?v=2c5df706:44919
[   30149ms] [WARNING] WebGL: INVALID_OPERATION: uniformMatrix4fv: location is not from the associated program @ http://localhost:5173/node_modules/.vite/deps/three.js?v=2c5df706:45012
[   30150ms] [WARNING] WebGL: INVALID_OPERATION: uniform1f: location is not from the associated program @ http://localhost:5173/node_modules/.vite/deps/three.js?v=2c5df706:44919
[   30150ms] [WARNING] WebGL: INVALID_OPERATION: uniformMatrix4fv: location is not from the associated program @ http://localhost:5173/node_modules/.vite/deps/three.js?v=2c5df706:45012
[   30165ms] [WARNING] WebGL: INVALID_OPERATION: uniform1f: location is not from the associated program @ http://localhost:5173/node_modules/.vite/deps/three.js?v=2c5df706:44919
[   30166ms] [WARNING] WebGL: INVALID_OPERATION: uniformMatrix4fv: location is not from the associated program @ http://localhost:5173/node_modules/.vite/deps/three.js?v=2c5df706:45012
[   30166ms] [WARNING] WebGL: INVALID_OPERATION: uniform1f: location is not from the associated program @ http://localhost:5173/node_modules/.vite/deps/three.js?v=2c5df706:44919
[   30166ms] [WARNING] WebGL: INVALID_OPERATION: uniformMatrix4fv: location is not from the associated program @ http://localhost:5173/node_modules/.vite/deps/three.js?v=2c5df706:45012
[   30182ms] [WARNING] WebGL: INVALID_OPERATION: uniform1f: location is not from the associated program @ http://localhost:5173/node_modules/.vite/deps/three.js?v=2c5df706:44919
[   30182ms] [WARNING] WebGL: INVALID_OPERATION: uniformMatrix4fv: location is not from the associated program @ http://localhost:5173/node_modules/.vite/deps/three.js?v=2c5df706:45012
[   30183ms] [WARNING] WebGL: INVALID_OPERATION: uniform1f: location is not from the associated program @ http://localhost:5173/node_modules/.vite/deps/three.js?v=2c5df706:44919
[   30183ms] [WARNING] WebGL: INVALID_OPERATION: uniformMatrix4fv: location is not from the associated program @ http://localhost:5173/node_modules/.vite/deps/three.js?v=2c5df706:45012
[   30199ms] [WARNING] WebGL: INVALID_OPERATION: uniform1f: location is not from the associated program @ http://localhost:5173/node_modules/.vite/deps/three.js?v=2c5df706:44919
[   30199ms] [WARNING] WebGL: INVALID_OPERATION: uniformMatrix4fv: location is not from the associated program @ http://localhost:5173/node_modules/.vite/deps/three.js?v=2c5df706:45012
[   30199ms] [WARNING] WebGL: INVALID_OPERATION: uniform1f: location is not from the associated program @ http://localhost:5173/node_modules/.vite/deps/three.js?v=2c5df706:44919
[   30200ms] [WARNING] WebGL: INVALID_OPERATION: uniformMatrix4fv: location is not from the associated program @ http://localhost:5173/node_modules/.vite/deps/three.js?v=2c5df706:45012
[   30215ms] [WARNING] WebGL: INVALID_OPERATION: uniform1f: location is not from the associated program @ http://localhost:5173/node_modules/.vite/deps/three.js?v=2c5df706:44919
[   30215ms] [WARNING] WebGL: INVALID_OPERATION: uniformMatrix4fv: location is not from the associated program @ http://localhost:5173/node_modules/.vite/deps/three.js?v=2c5df706:45012
[   30216ms] [WARNING] WebGL: INVALID_OPERATION: uniform1f: location is not from the associated program @ http://localhost:5173/node_modules/.vite/deps/three.js?v=2c5df706:44919
[   30216ms] [WARNING] WebGL: INVALID_OPERATION: uniformMatrix4fv: location is not from the associated program @ http://localhost:5173/node_modules/.vite/deps/three.js?v=2c5df706:45012
[   30232ms] [WARNING] WebGL: INVALID_OPERATION: uniform1f: location is not from the associated program @ http://localhost:5173/node_modules/.vite/deps/three.js?v=2c5df706:44919
[   30233ms] [WARNING] WebGL: INVALID_OPERATION: uniformMatrix4fv: location is not from the associated program @ http://localhost:5173/node_modules/.vite/deps/three.js?v=2c5df706:45012
[   30233ms] [WARNING] WebGL: INVALID_OPERATION: uniform1f: location is not from the associated program @ http://localhost:5173/node_modules/.vite/deps/three.js?v=2c5df706:44919
[   30233ms] [WARNING] WebGL: INVALID_OPERATION: uniformMatrix4fv: location is not from the associated program @ http://localhost:5173/node_modules/.vite/deps/three.js?v=2c5df706:45012
[   30249ms] [WARNING] WebGL: INVALID_OPERATION: uniform1f: location is not from the associated program @ http://localhost:5173/node_modules/.vite/deps/three.js?v=2c5df706:44919
[   30249ms] [WARNING] WebGL: INVALID_OPERATION: uniformMatrix4fv: location is not from the associated program @ http://localhost:5173/node_modules/.vite/deps/three.js?v=2c5df706:45012
[   30250ms] [WARNING] WebGL: INVALID_OPERATION: uniform1f: location is not from the associated program @ http://localhost:5173/node_modules/.vite/deps/three.js?v=2c5df706:44919
[   30250ms] [WARNING] WebGL: INVALID_OPERATION: uniformMatrix4fv: location is not from the associated program @ http://localhost:5173/node_modules/.vite/deps/three.js?v=2c5df706:45012
[   30265ms] [WARNING] WebGL: INVALID_OPERATION: uniform1f: location is not from the associated program @ http://localhost:5173/node_modules/.vite/deps/three.js?v=2c5df706:44919
[   30265ms] [WARNING] WebGL: INVALID_OPERATION: uniformMatrix4fv: location is not from the associated program @ http://localhost:5173/node_modules/.vite/deps/three.js?v=2c5df706:45012
[   30266ms] [WARNING] WebGL: INVALID_OPERATION: uniform1f: location is not from the associated program @ http://localhost:5173/node_modules/.vite/deps/three.js?v=2c5df706:44919
[   30266ms] [WARNING] WebGL: INVALID_OPERATION: uniformMatrix4fv: location is not from the associated program @ http://localhost:5173/node_modules/.vite/deps/three.js?v=2c5df706:45012
[   30282ms] [WARNING] WebGL: INVALID_OPERATION: uniform1f: location is not from the associated program @ http://localhost:5173/node_modules/.vite/deps/three.js?v=2c5df706:44919
[   30282ms] [WARNING] WebGL: INVALID_OPERATION: uniformMatrix4fv: location is not from the associated program @ http://localhost:5173/node_modules/.vite/deps/three.js?v=2c5df706:45012
[   30282ms] [WARNING] WebGL: INVALID_OPERATION: uniform1f: location is not from the associated program @ http://localhost:5173/node_modules/.vite/deps/three.js?v=2c5df706:44919
[   30282ms] [WARNING] WebGL: INVALID_OPERATION: uniformMatrix4fv: location is not from the associated program @ http://localhost:5173/node_modules/.vite/deps/three.js?v=2c5df706:45012
[   30303ms] [WARNING] WebGL: INVALID_OPERATION: uniform1f: location is not from the associated program @ http://localhost:5173/node_modules/.vite/deps/three.js?v=2c5df706:44919
[   30303ms] [WARNING] WebGL: INVALID_OPERATION: uniformMatrix4fv: location is not from the associated program @ http://localhost:5173/node_modules/.vite/deps/three.js?v=2c5df706:45012
[   30303ms] [WARNING] WebGL: INVALID_OPERATION: uniform1f: location is not from the associated program @ http://localhost:5173/node_modules/.vite/deps/three.js?v=2c5df706:44919
[   30303ms] [WARNING] WebGL: INVALID_OPERATION: uniformMatrix4fv: location is not from the associated program @ http://localhost:5173/node_modules/.vite/deps/three.js?v=2c5df706:45012
[   30319ms] [WARNING] WebGL: INVALID_OPERATION: uniform1f: location is not from the associated program @ http://localhost:5173/node_modules/.vite/deps/three.js?v=2c5df706:44919
[   30319ms] [WARNING] WebGL: INVALID_OPERATION: uniformMatrix4fv: location is not from the associated program @ http://localhost:5173/node_modules/.vite/deps/three.js?v=2c5df706:45012
[   30319ms] [WARNING] WebGL: INVALID_OPERATION: uniform1f: location is not from the associated program @ http://localhost:5173/node_modules/.vite/deps/three.js?v=2c5df706:44919
[   30320ms] [WARNING] WebGL: INVALID_OPERATION: uniformMatrix4fv: location is not from the associated program @ http://localhost:5173/node_modules/.vite/deps/three.js?v=2c5df706:45012
[   30348ms] [WARNING] WebGL: INVALID_OPERATION: uniform1f: location is not from the associated program @ http://localhost:5173/node_modules/.vite/deps/three.js?v=2c5df706:44919
[   30348ms] [WARNING] WebGL: INVALID_OPERATION: uniformMatrix4fv: location is not from the associated program @ http://localhost:5173/node_modules/.vite/deps/three.js?v=2c5df706:45012
[   30349ms] [WARNING] WebGL: INVALID_OPERATION: uniform1f: location is not from the associated program @ http://localhost:5173/node_modules/.vite/deps/three.js?v=2c5df706:44919
[   30349ms] [WARNING] WebGL: INVALID_OPERATION: uniformMatrix4fv: location is not from the associated program @ http://localhost:5173/node_modules/.vite/deps/three.js?v=2c5df706:45012
[   30364ms] [WARNING] WebGL: INVALID_OPERATION: uniform1f: location is not from the associated program @ http://localhost:5173/node_modules/.vite/deps/three.js?v=2c5df706:44919
[   30364ms] [WARNING] WebGL: INVALID_OPERATION: uniformMatrix4fv: location is not from the associated program @ http://localhost:5173/node_modules/.vite/deps/three.js?v=2c5df706:45012
[   30365ms] [WARNING] WebGL: INVALID_OPERATION: uniform1f: location is not from the associated program @ http://localhost:5173/node_modules/.vite/deps/three.js?v=2c5df706:44919
[   30365ms] [WARNING] WebGL: INVALID_OPERATION: uniformMatrix4fv: location is not from the associated program @ http://localhost:5173/node_modules/.vite/deps/three.js?v=2c5df706:45012
[   30380ms] [WARNING] WebGL: INVALID_OPERATION: uniform1f: location is not from the associated program @ http://localhost:5173/node_modules/.vite/deps/three.js?v=2c5df706:44919
[   30380ms] [WARNING] WebGL: INVALID_OPERATION: uniformMatrix4fv: location is not from the associated program @ http://localhost:5173/node_modules/.vite/deps/three.js?v=2c5df706:45012
[   30381ms] [WARNING] WebGL: INVALID_OPERATION: uniform1f: location is not from the associated program @ http://localhost:5173/node_modules/.vite/deps/three.js?v=2c5df706:44919
[   30381ms] [WARNING] WebGL: INVALID_OPERATION: uniformMatrix4fv: location is not from the associated program @ http://localhost:5173/node_modules/.vite/deps/three.js?v=2c5df706:45012
[   30397ms] [WARNING] WebGL: INVALID_OPERATION: uniform1f: location is not from the associated program @ http://localhost:5173/node_modules/.vite/deps/three.js?v=2c5df706:44919
[   30397ms] [WARNING] WebGL: INVALID_OPERATION: uniformMatrix4fv: location is not from the associated program @ http://localhost:5173/node_modules/.vite/deps/three.js?v=2c5df706:45012
[   30397ms] [WARNING] WebGL: INVALID_OPERATION: uniform1f: location is not from the associated program @ http://localhost:5173/node_modules/.vite/deps/three.js?v=2c5df706:44919
[   30397ms] [WARNING] WebGL: INVALID_OPERATION: uniformMatrix4fv: location is not from the associated program @ http://localhost:5173/node_modules/.vite/deps/three.js?v=2c5df706:45012
[   30413ms] [WARNING] WebGL: INVALID_OPERATION: uniform1f: location is not from the associated program @ http://localhost:5173/node_modules/.vite/deps/three.js?v=2c5df706:44919
[   30413ms] [WARNING] WebGL: INVALID_OPERATION: uniformMatrix4fv: location is not from the associated program @ http://localhost:5173/node_modules/.vite/deps/three.js?v=2c5df706:45012
[   30414ms] [WARNING] WebGL: INVALID_OPERATION: uniform1f: location is not from the associated program @ http://localhost:5173/node_modules/.vite/deps/three.js?v=2c5df706:44919
[   30414ms] [WARNING] WebGL: INVALID_OPERATION: uniformMatrix4fv: location is not from the associated program @ http://localhost:5173/node_modules/.vite/deps/three.js?v=2c5df706:45012
[   30430ms] [WARNING] WebGL: INVALID_OPERATION: uniform1f: location is not from the associated program @ http://localhost:5173/node_modules/.vite/deps/three.js?v=2c5df706:44919
[   30430ms] [WARNING] WebGL: INVALID_OPERATION: uniformMatrix4fv: location is not from the associated program @ http://localhost:5173/node_modules/.vite/deps/three.js?v=2c5df706:45012
[   30430ms] [WARNING] WebGL: INVALID_OPERATION: uniform1f: location is not from the associated program @ http://localhost:5173/node_modules/.vite/deps/three.js?v=2c5df706:44919
[   30431ms] [WARNING] WebGL: INVALID_OPERATION: uniformMatrix4fv: location is not from the associated program @ http://localhost:5173/node_modules/.vite/deps/three.js?v=2c5df706:45012
[   30447ms] [WARNING] WebGL: INVALID_OPERATION: uniform1f: location is not from the associated program @ http://localhost:5173/node_modules/.vite/deps/three.js?v=2c5df706:44919
[   30447ms] [WARNING] WebGL: INVALID_OPERATION: uniformMatrix4fv: location is not from the associated program @ http://localhost:5173/node_modules/.vite/deps/three.js?v=2c5df706:45012
[   30447ms] [WARNING] WebGL: INVALID_OPERATION: uniform1f: location is not from the associated program @ http://localhost:5173/node_modules/.vite/deps/three.js?v=2c5df706:44919
[   30447ms] [WARNING] WebGL: INVALID_OPERATION: uniformMatrix4fv: location is not from the associated program @ http://localhost:5173/node_modules/.vite/deps/three.js?v=2c5df706:45012
[   30463ms] [WARNING] WebGL: INVALID_OPERATION: uniform1f: location is not from the associated program @ http://localhost:5173/node_modules/.vite/deps/three.js?v=2c5df706:44919
[   30463ms] [WARNING] WebGL: INVALID_OPERATION: uniformMatrix4fv: location is not from the associated program @ http://localhost:5173/node_modules/.vite/deps/three.js?v=2c5df706:45012
[   30464ms] [WARNING] WebGL: INVALID_OPERATION: uniform1f: location is not from the associated program @ http://localhost:5173/node_modules/.vite/deps/three.js?v=2c5df706:44919
[   30464ms] [WARNING] WebGL: INVALID_OPERATION: uniformMatrix4fv: location is not from the associated program @ http://localhost:5173/node_modules/.vite/deps/three.js?v=2c5df706:45012
[   30480ms] [WARNING] WebGL: INVALID_OPERATION: uniform1f: location is not from the associated program @ http://localhost:5173/node_modules/.vite/deps/three.js?v=2c5df706:44919
[   30480ms] [WARNING] WebGL: INVALID_OPERATION: uniformMatrix4fv: location is not from the associated program @ http://localhost:5173/node_modules/.vite/deps/three.js?v=2c5df706:45012
[   30481ms] [WARNING] WebGL: INVALID_OPERATION: uniform1f: location is not from the associated program @ http://localhost:5173/node_modules/.vite/deps/three.js?v=2c5df706:44919
[   30481ms] [WARNING] WebGL: INVALID_OPERATION: uniformMatrix4fv: location is not from the associated program @ http://localhost:5173/node_modules/.vite/deps/three.js?v=2c5df706:45012
[   30496ms] [WARNING] WebGL: INVALID_OPERATION: uniform1f: location is not from the associated program @ http://localhost:5173/node_modules/.vite/deps/three.js?v=2c5df706:44919
[   30496ms] [WARNING] WebGL: INVALID_OPERATION: uniformMatrix4fv: location is not from the associated program @ http://localhost:5173/node_modules/.vite/deps/three.js?v=2c5df706:45012
[   30497ms] [WARNING] WebGL: INVALID_OPERATION: uniform1f: location is not from the associated program @ http://localhost:5173/node_modules/.vite/deps/three.js?v=2c5df706:44919
[   30497ms] [WARNING] WebGL: INVALID_OPERATION: uniformMatrix4fv: location is not from the associated program @ http://localhost:5173/node_modules/.vite/deps/three.js?v=2c5df706:45012
[   30513ms] [WARNING] WebGL: INVALID_OPERATION: uniform1f: location is not from the associated program @ http://localhost:5173/node_modules/.vite/deps/three.js?v=2c5df706:44919
[   30513ms] [WARNING] WebGL: INVALID_OPERATION: uniformMatrix4fv: location is not from the associated program @ http://localhost:5173/node_modules/.vite/deps/three.js?v=2c5df706:45012
[   30514ms] [WARNING] WebGL: INVALID_OPERATION: uniform1f: location is not from the associated program @ http://localhost:5173/node_modules/.vite/deps/three.js?v=2c5df706:44919
[   30514ms] [WARNING] WebGL: INVALID_OPERATION: uniformMatrix4fv: location is not from the associated program @ http://localhost:5173/node_modules/.vite/deps/three.js?v=2c5df706:45012
[   30531ms] [WARNING] WebGL: INVALID_OPERATION: uniform1f: location is not from the associated program @ http://localhost:5173/node_modules/.vite/deps/three.js?v=2c5df706:44919
[   30531ms] [WARNING] WebGL: INVALID_OPERATION: uniformMatrix4fv: location is not from the associated program @ http://localhost:5173/node_modules/.vite/deps/three.js?v=2c5df706:45012
[   30531ms] [WARNING] WebGL: INVALID_OPERATION: uniform1f: location is not from the associated program @ http://localhost:5173/node_modules/.vite/deps/three.js?v=2c5df706:44919
[   30531ms] [WARNING] WebGL: INVALID_OPERATION: uniformMatrix4fv: location is not from the associated program @ http://localhost:5173/node_modules/.vite/deps/three.js?v=2c5df706:45012
[   30546ms] [WARNING] WebGL: INVALID_OPERATION: uniform1f: location is not from the associated program @ http://localhost:5173/node_modules/.vite/deps/three.js?v=2c5df706:44919
[   30546ms] [WARNING] WebGL: INVALID_OPERATION: uniformMatrix4fv: location is not from the associated program @ http://localhost:5173/node_modules/.vite/deps/three.js?v=2c5df706:45012
[   30547ms] [WARNING] WebGL: INVALID_OPERATION: uniform1f: location is not from the associated program @ http://localhost:5173/node_modules/.vite/deps/three.js?v=2c5df706:44919
[   30547ms] [WARNING] WebGL: INVALID_OPERATION: uniformMatrix4fv: location is not from the associated program @ http://localhost:5173/node_modules/.vite/deps/three.js?v=2c5df706:45012
[   30563ms] [WARNING] WebGL: INVALID_OPERATION: uniform1f: location is not from the associated program @ http://localhost:5173/node_modules/.vite/deps/three.js?v=2c5df706:44919
[   30563ms] [WARNING] WebGL: INVALID_OPERATION: uniformMatrix4fv: location is not from the associated program @ http://localhost:5173/node_modules/.vite/deps/three.js?v=2c5df706:45012
[   30564ms] [WARNING] WebGL: INVALID_OPERATION: uniform1f: location is not from the associated program @ http://localhost:5173/node_modules/.vite/deps/three.js?v=2c5df706:44919
[   30564ms] [WARNING] WebGL: INVALID_OPERATION: uniformMatrix4fv: location is not from the associated program @ http://localhost:5173/node_modules/.vite/deps/three.js?v=2c5df706:45012
[   30580ms] [WARNING] WebGL: INVALID_OPERATION: uniform1f: location is not from the associated program @ http://localhost:5173/node_modules/.vite/deps/three.js?v=2c5df706:44919
[   30580ms] [WARNING] WebGL: INVALID_OPERATION: uniformMatrix4fv: location is not from the associated program @ http://localhost:5173/node_modules/.vite/deps/three.js?v=2c5df706:45012
[   30581ms] [WARNING] WebGL: INVALID_OPERATION: uniform1f: location is not from the associated program @ http://localhost:5173/node_modules/.vite/deps/three.js?v=2c5df706:44919
[   30581ms] [WARNING] WebGL: INVALID_OPERATION: uniformMatrix4fv: location is not from the associated program @ http://localhost:5173/node_modules/.vite/deps/three.js?v=2c5df706:45012
[   30597ms] [WARNING] WebGL: INVALID_OPERATION: uniform1f: location is not from the associated program @ http://localhost:5173/node_modules/.vite/deps/three.js?v=2c5df706:44919
[   30597ms] [WARNING] WebGL: INVALID_OPERATION: uniformMatrix4fv: location is not from the associated program @ http://localhost:5173/node_modules/.vite/deps/three.js?v=2c5df706:45012
[   30598ms] [WARNING] WebGL: INVALID_OPERATION: uniform1f: location is not from the associated program @ http://localhost:5173/node_modules/.vite/deps/three.js?v=2c5df706:44919
[   30598ms] [WARNING] WebGL: INVALID_OPERATION: uniformMatrix4fv: location is not from the associated program @ http://localhost:5173/node_modules/.vite/deps/three.js?v=2c5df706:45012
[   30614ms] [WARNING] WebGL: INVALID_OPERATION: uniform1f: location is not from the associated program @ http://localhost:5173/node_modules/.vite/deps/three.js?v=2c5df706:44919
[   30614ms] [WARNING] WebGL: INVALID_OPERATION: uniformMatrix4fv: location is not from the associated program @ http://localhost:5173/node_modules/.vite/deps/three.js?v=2c5df706:45012
[   30615ms] [WARNING] WebGL: INVALID_OPERATION: uniform1f: location is not from the associated program @ http://localhost:5173/node_modules/.vite/deps/three.js?v=2c5df706:44919
[   30615ms] [WARNING] WebGL: INVALID_OPERATION: uniformMatrix4fv: location is not from the associated program @ http://localhost:5173/node_modules/.vite/deps/three.js?v=2c5df706:45012
[   30631ms] [WARNING] WebGL: INVALID_OPERATION: uniform1f: location is not from the associated program @ http://localhost:5173/node_modules/.vite/deps/three.js?v=2c5df706:44919
[   30631ms] [WARNING] WebGL: INVALID_OPERATION: uniformMatrix4fv: location is not from the associated program @ http://localhost:5173/node_modules/.vite/deps/three.js?v=2c5df706:45012
[   30631ms] [WARNING] WebGL: INVALID_OPERATION: uniform1f: location is not from the associated program @ http://localhost:5173/node_modules/.vite/deps/three.js?v=2c5df706:44919
[   30631ms] [WARNING] WebGL: INVALID_OPERATION: uniformMatrix4fv: location is not from the associated program @ http://localhost:5173/node_modules/.vite/deps/three.js?v=2c5df706:45012
[   30647ms] [WARNING] WebGL: INVALID_OPERATION: uniform1f: location is not from the associated program @ http://localhost:5173/node_modules/.vite/deps/three.js?v=2c5df706:44919
[   30647ms] [WARNING] WebGL: INVALID_OPERATION: uniformMatrix4fv: location is not from the associated program @ http://localhost:5173/node_modules/.vite/deps/three.js?v=2c5df706:45012
[   30648ms] [WARNING] WebGL: INVALID_OPERATION: uniform1f: location is not from the associated program @ http://localhost:5173/node_modules/.vite/deps/three.js?v=2c5df706:44919
[   30648ms] [WARNING] WebGL: INVALID_OPERATION: uniformMatrix4fv: location is not from the associated program @ http://localhost:5173/node_modules/.vite/deps/three.js?v=2c5df706:45012
[   30663ms] [WARNING] WebGL: INVALID_OPERATION: uniform1f: location is not from the associated program @ http://localhost:5173/node_modules/.vite/deps/three.js?v=2c5df706:44919
[   30664ms] [WARNING] WebGL: INVALID_OPERATION: uniformMatrix4fv: location is not from the associated program @ http://localhost:5173/node_modules/.vite/deps/three.js?v=2c5df706:45012
[   30664ms] [WARNING] WebGL: INVALID_OPERATION: uniform1f: location is not from the associated program @ http://localhost:5173/node_modules/.vite/deps/three.js?v=2c5df706:44919
[   30664ms] [WARNING] WebGL: INVALID_OPERATION: uniformMatrix4fv: location is not from the associated program @ http://localhost:5173/node_modules/.vite/deps/three.js?v=2c5df706:45012
[   30681ms] [WARNING] WebGL: INVALID_OPERATION: uniform1f: location is not from the associated program @ http://localhost:5173/node_modules/.vite/deps/three.js?v=2c5df706:44919
[   30681ms] [WARNING] WebGL: INVALID_OPERATION: uniformMatrix4fv: location is not from the associated program @ http://localhost:5173/node_modules/.vite/deps/three.js?v=2c5df706:45012
[   30682ms] [WARNING] WebGL: INVALID_OPERATION: uniform1f: location is not from the associated program @ http://localhost:5173/node_modules/.vite/deps/three.js?v=2c5df706:44919
[   30682ms] [WARNING] WebGL: INVALID_OPERATION: uniformMatrix4fv: location is not from the associated program @ http://localhost:5173/node_modules/.vite/deps/three.js?v=2c5df706:45012
[   30697ms] [WARNING] WebGL: INVALID_OPERATION: uniform1f: location is not from the associated program @ http://localhost:5173/node_modules/.vite/deps/three.js?v=2c5df706:44919
[   30698ms] [WARNING] WebGL: INVALID_OPERATION: uniformMatrix4fv: location is not from the associated program @ http://localhost:5173/node_modules/.vite/deps/three.js?v=2c5df706:45012
[   30698ms] [WARNING] WebGL: INVALID_OPERATION: uniform1f: location is not from the associated program @ http://localhost:5173/node_modules/.vite/deps/three.js?v=2c5df706:44919
[   30698ms] [WARNING] WebGL: INVALID_OPERATION: uniformMatrix4fv: location is not from the associated program @ http://localhost:5173/node_modules/.vite/deps/three.js?v=2c5df706:45012
[   30713ms] [WARNING] WebGL: INVALID_OPERATION: uniform1f: location is not from the associated program @ http://localhost:5173/node_modules/.vite/deps/three.js?v=2c5df706:44919
[   30714ms] [WARNING] WebGL: INVALID_OPERATION: uniformMatrix4fv: location is not from the associated program @ http://localhost:5173/node_modules/.vite/deps/three.js?v=2c5df706:45012
[   30714ms] [WARNING] WebGL: INVALID_OPERATION: uniform1f: location is not from the associated program @ http://localhost:5173/node_modules/.vite/deps/three.js?v=2c5df706:44919
[   30714ms] [WARNING] WebGL: INVALID_OPERATION: uniformMatrix4fv: location is not from the associated program @ http://localhost:5173/node_modules/.vite/deps/three.js?v=2c5df706:45012
[   30730ms] [WARNING] WebGL: INVALID_OPERATION: uniform1f: location is not from the associated program @ http://localhost:5173/node_modules/.vite/deps/three.js?v=2c5df706:44919
[   30730ms] [WARNING] WebGL: INVALID_OPERATION: uniformMatrix4fv: location is not from the associated program @ http://localhost:5173/node_modules/.vite/deps/three.js?v=2c5df706:45012
[   30731ms] [WARNING] WebGL: INVALID_OPERATION: uniform1f: location is not from the associated program @ http://localhost:5173/node_modules/.vite/deps/three.js?v=2c5df706:44919
[   30731ms] [WARNING] WebGL: INVALID_OPERATION: uniformMatrix4fv: location is not from the associated program @ http://localhost:5173/node_modules/.vite/deps/three.js?v=2c5df706:45012
[   30747ms] [WARNING] WebGL: INVALID_OPERATION: uniform1f: location is not from the associated program @ http://localhost:5173/node_modules/.vite/deps/three.js?v=2c5df706:44919
[   30747ms] [WARNING] WebGL: INVALID_OPERATION: uniformMatrix4fv: location is not from the associated program @ http://localhost:5173/node_modules/.vite/deps/three.js?v=2c5df706:45012
[   30748ms] [WARNING] WebGL: INVALID_OPERATION: uniform1f: location is not from the associated program @ http://localhost:5173/node_modules/.vite/deps/three.js?v=2c5df706:44919
[   30748ms] [WARNING] WebGL: INVALID_OPERATION: uniformMatrix4fv: location is not from the associated program @ http://localhost:5173/node_modules/.vite/deps/three.js?v=2c5df706:45012
[   30765ms] [WARNING] WebGL: INVALID_OPERATION: uniform1f: location is not from the associated program @ http://localhost:5173/node_modules/.vite/deps/three.js?v=2c5df706:44919
[   30765ms] [WARNING] WebGL: INVALID_OPERATION: uniformMatrix4fv: location is not from the associated program @ http://localhost:5173/node_modules/.vite/deps/three.js?v=2c5df706:45012
[   35481ms] [WARNING] WebGL: INVALID_OPERATION: uniform1f: location is not from the associated program @ http://localhost:5173/node_modules/.vite/deps/three.js?v=2c5df706:44919
[   35481ms] [WARNING] WebGL: INVALID_OPERATION: uniformMatrix4fv: location is not from the associated program @ http://localhost:5173/node_modules/.vite/deps/three.js?v=2c5df706:45012
[   35498ms] [WARNING] WebGL: INVALID_OPERATION: uniform1f: location is not from the associated program @ http://localhost:5173/node_modules/.vite/deps/three.js?v=2c5df706:44919
[   35498ms] [WARNING] WebGL: INVALID_OPERATION: uniformMatrix4fv: location is not from the associated program @ http://localhost:5173/node_modules/.vite/deps/three.js?v=2c5df706:45012
[   35498ms] [WARNING] WebGL: INVALID_OPERATION: uniform1f: location is not from the associated program @ http://localhost:5173/node_modules/.vite/deps/three.js?v=2c5df706:44919
[   35498ms] [WARNING] WebGL: INVALID_OPERATION: uniformMatrix4fv: location is not from the associated program @ http://localhost:5173/node_modules/.vite/deps/three.js?v=2c5df706:45012
[   35531ms] [WARNING] WebGL: INVALID_OPERATION: uniform1f: location is not from the associated program @ http://localhost:5173/node_modules/.vite/deps/three.js?v=2c5df706:44919
[   35531ms] [WARNING] WebGL: INVALID_OPERATION: uniformMatrix4fv: location is not from the associated program @ http://localhost:5173/node_modules/.vite/deps/three.js?v=2c5df706:45012
[   35531ms] [WARNING] WebGL: INVALID_OPERATION: uniform1f: location is not from the associated program @ http://localhost:5173/node_modules/.vite/deps/three.js?v=2c5df706:44919
[   35531ms] [WARNING] WebGL: INVALID_OPERATION: uniformMatrix4fv: location is not from the associated program @ http://localhost:5173/node_modules/.vite/deps/three.js?v=2c5df706:45012
[   35547ms] [WARNING] WebGL: INVALID_OPERATION: uniform1f: location is not from the associated program @ http://localhost:5173/node_modules/.vite/deps/three.js?v=2c5df706:44919
[   35547ms] [WARNING] WebGL: INVALID_OPERATION: uniformMatrix4fv: location is not from the associated program @ http://localhost:5173/node_modules/.vite/deps/three.js?v=2c5df706:45012
[   35548ms] [WARNING] WebGL: INVALID_OPERATION: uniform1f: location is not from the associated program @ http://localhost:5173/node_modules/.vite/deps/three.js?v=2c5df706:44919
[   35548ms] [WARNING] WebGL: INVALID_OPERATION: uniformMatrix4fv: location is not from the associated program @ http://localhost:5173/node_modules/.vite/deps/three.js?v=2c5df706:45012
[   35581ms] [WARNING] WebGL: INVALID_OPERATION: uniform1f: location is not from the associated program @ http://localhost:5173/node_modules/.vite/deps/three.js?v=2c5df706:44919
[   35581ms] [WARNING] WebGL: INVALID_OPERATION: uniformMatrix4fv: location is not from the associated program @ http://localhost:5173/node_modules/.vite/deps/three.js?v=2c5df706:45012
[   35582ms] [WARNING] WebGL: INVALID_OPERATION: uniform1f: location is not from the associated program @ http://localhost:5173/node_modules/.vite/deps/three.js?v=2c5df706:44919
[   35582ms] [WARNING] WebGL: INVALID_OPERATION: uniformMatrix4fv: location is not from the associated program @ http://localhost:5173/node_modules/.vite/deps/three.js?v=2c5df706:45012
[   35598ms] [WARNING] WebGL: INVALID_OPERATION: uniform1f: location is not from the associated program @ http://localhost:5173/node_modules/.vite/deps/three.js?v=2c5df706:44919
[   35598ms] [WARNING] WebGL: INVALID_OPERATION: uniformMatrix4fv: location is not from the associated program @ http://localhost:5173/node_modules/.vite/deps/three.js?v=2c5df706:45012
[   35599ms] [WARNING] WebGL: INVALID_OPERATION: uniform1f: location is not from the associated program @ http://localhost:5173/node_modules/.vite/deps/three.js?v=2c5df706:44919
[   35599ms] [WARNING] WebGL: INVALID_OPERATION: uniformMatrix4fv: location is not from the associated program @ http://localhost:5173/node_modules/.vite/deps/three.js?v=2c5df706:45012
[   35614ms] [WARNING] WebGL: INVALID_OPERATION: uniform1f: location is not from the associated program @ http://localhost:5173/node_modules/.vite/deps/three.js?v=2c5df706:44919
[   35614ms] [WARNING] WebGL: INVALID_OPERATION: uniformMatrix4fv: location is not from the associated program @ http://localhost:5173/node_modules/.vite/deps/three.js?v=2c5df706:45012
[   35614ms] [WARNING] WebGL: INVALID_OPERATION: uniform1f: location is not from the associated program @ http://localhost:5173/node_modules/.vite/deps/three.js?v=2c5df706:44919
[   35614ms] [WARNING] WebGL: INVALID_OPERATION: uniformMatrix4fv: location is not from the associated program @ http://localhost:5173/node_modules/.vite/deps/three.js?v=2c5df706:45012
[   35630ms] [WARNING] WebGL: INVALID_OPERATION: uniform1f: location is not from the associated program @ http://localhost:5173/node_modules/.vite/deps/three.js?v=2c5df706:44919
[   35631ms] [WARNING] WebGL: INVALID_OPERATION: uniformMatrix4fv: location is not from the associated program @ http://localhost:5173/node_modules/.vite/deps/three.js?v=2c5df706:45012
[   35631ms] [WARNING] WebGL: INVALID_OPERATION: uniform1f: location is not from the associated program @ http://localhost:5173/node_modules/.vite/deps/three.js?v=2c5df706:44919
[   35631ms] [WARNING] WebGL: INVALID_OPERATION: uniformMatrix4fv: location is not from the associated program @ http://localhost:5173/node_modules/.vite/deps/three.js?v=2c5df706:45012
[   35651ms] [WARNING] WebGL: INVALID_OPERATION: uniform1f: location is not from the associated program @ http://localhost:5173/node_modules/.vite/deps/three.js?v=2c5df706:44919
[   35651ms] [WARNING] WebGL: INVALID_OPERATION: uniformMatrix4fv: location is not from the associated program @ http://localhost:5173/node_modules/.vite/deps/three.js?v=2c5df706:45012
[   35652ms] [WARNING] WebGL: INVALID_OPERATION: uniform1f: location is not from the associated program @ http://localhost:5173/node_modules/.vite/deps/three.js?v=2c5df706:44919
[   35652ms] [WARNING] WebGL: INVALID_OPERATION: uniformMatrix4fv: location is not from the associated program @ http://localhost:5173/node_modules/.vite/deps/three.js?v=2c5df706:45012
[   35669ms] [WARNING] WebGL: INVALID_OPERATION: uniform1f: location is not from the associated program @ http://localhost:5173/node_modules/.vite/deps/three.js?v=2c5df706:44919
[   35669ms] [WARNING] WebGL: INVALID_OPERATION: uniformMatrix4fv: location is not from the associated program @ http://localhost:5173/node_modules/.vite/deps/three.js?v=2c5df706:45012
[   35669ms] [WARNING] WebGL: too many errors, no more errors will be reported to the console for this context. @ http://localhost:5173/node_modules/.vite/deps/three.js?v=2c5df706:45012
