2026-09-16 04:38:00,790 - app.main - INFO - Path: /api/orchestrator/disease/triple-negative breast cancer Method: GET Status: 200 Process Time: 25.3601s
2026-09-16 04:41:39,125 - app.main - INFO - Path: /api/orchestrator/disease/triple-negative breast cancer Method: GET Status: 200 Process Time: 22.5535s
2026-09-16 04:55:31,804 - app.main - INFO - Path: /api/orchestrator/disease/non-small cell lung carcinoma Method: GET Status: 200 Process Time: 54.1772s
2026-09-16 04:55:55,855 - app.main - INFO - Path: /api/orchestrator/disease/triple-negative breast cancer Method: GET Status: 200 Process Time: 46.1608s
2026-09-16 04:56:19,616 - app.main - INFO - Path: /api/orchestrator/disease/glioblastoma multiforme Method: GET Status: 200 Process Time: 38.2719s
2026-09-16 04:56:52,065 - app.main - INFO - Path: /api/orchestrator/disease/colorectal cancer Method: GET Status: 200 Process Time: 39.1394s
2026-09-16 04:56:58,297 - app.main - INFO - Path: /api/orchestrator/disease/non-small cell lung carcinoma Method: GET Status: 200 Process Time: 34.1114s
2026-09-16 04:57:32,627 - app.main - INFO - Path: /api/orchestrator/disease/triple-negative breast cancer Method: GET Status: 200 Process Time: 32.5591s
2026-09-16 04:58:05,259 - app.main - INFO - Path: /api/orchestrator/disease/glioblastoma multiforme Method: GET Status: 200 Process Time: 30.7505s
2026-09-16 04:58:36,674 - app.main - INFO - Path: /api/orchestrator/disease/colorectal cancer Method: GET Status: 200 Process Time: 29.4456s
2026-09-16 04:59:16,056 - app.main - INFO - Path: /api/orchestrator/disease/acute myeloid leukemia Method: GET Status: 200 Process Time: 37.5254s
2026-09-16 05:00:20,451 - app.main - INFO - Path: /api/orchestrator/disease/non-small cell lung carcinoma Method: GET Status: 200 Process Time: 35.6970s
2026-09-16 05:00:54,447 - app.main - INFO - Path: /api/orchestrator/disease/triple-negative breast cancer Method: GET Status: 200 Process Time: 31.5335s
2026-09-16 05:01:26,603 - app.main - INFO - Path: /api/orchestrator/disease/glioblastoma multiforme Method: GET Status: 200 Process Time: 29.4476s
2026-09-16 05:01:59,102 - app.main - INFO - Path: /api/orchestrator/disease/colorectal cancer Method: GET Status: 200 Process Time: 29.8450s
2026-09-16 05:02:30,989 - app.main - INFO - Path: /api/orchestrator/disease/acute myeloid leukemia Method: GET Status: 200 Process Time: 29.1691s
2026-09-16 07:17:35,385 - app.main - INFO - Path: /api/orchestrator/disease/glioblastoma multiforme Method: GET Status: 200 Process Time: 46.4240s
2026-09-16 07:25:44,552 - app.main - INFO - Path: /api/orchestrator/disease/acute myeloid leukemia Method: GET Status: 200 Process Time: 43.6364s
2026-09-16 07:32:44,552 - app.main - INFO - Path: /api/orchestrator/disease/triple-negative breast cancer Method: GET Status: 200 Process Time: 51.1245s
2026-09-16 07:35:03,416 - app.main - INFO - Path: /api/orchestrator/disease/non-small cell lung carcinoma Method: GET Status: 200 Process Time: 57.7004s
2026-09-16 07:39:11,305 - app.main - INFO - Path: /api/orchestrator/disease/triple-negative breast cancer Method: GET Status: 200 Process Time: 45.9681s
2026-09-16 07:42:24,766 - app.main - INFO - Path: /api/orchestrator/disease/glioblastoma multiforme Method: GET Status: 200 Process Time: 42.1313s
2026-09-16 07:45:06,666 - app.main - INFO - Path: /api/orchestrator/disease/colorectal cancer Method: GET Status: 200 Process Time: 45.1354s
2026-09-16 08:10:14,240 - app.main - INFO - Path: /api/orchestrator/disease/non-small cell lung carcinoma Method: GET Status: 200 Process Time: 37.7529s
2026-09-16 08:12:30,774 - app.main - INFO - Path: /api/orchestrator/disease/immune system modulation Method: GET Status: 200 Process Time: 34.3831s
2026-09-16 08:18:49,602 - app.main - INFO - Path: /api/orchestrator/disease/non-small cell lung carcinoma Method: GET Status: 200 Process Time: 68.1113s
2026-09-16 09:04:14,422 - app.main - INFO - Path: /api/orchestrator/disease/prostate cancer Method: GET Status: 200 Process Time: 67.3971s
2026-09-16 09:12:41,307 - app.main - INFO - Path: /api/orchestrator/disease/hypercholesterolemia Method: GET Status: 200 Process Time: 27.7415s
2026-09-16 09:14:07,994 - app.main - INFO - Path: /api/orchestrator/disease/hypercholesterolemia Method: GET Status: 200 Process Time: 19.8511s
2026-09-16 09:50:29,439 - app.main - INFO - Path: /api/orchestrator/disease/non-small cell lung carcinoma Method: GET Status: 200 Process Time: 46.2375s
2026-09-16 09:55:45,213 - app.main - INFO - Path: /api/orchestrator/disease/immune system modulation Method: GET Status: 200 Process Time: 36.7633s
2026-09-16 09:57:13,427 - app.main - INFO - Path: /api/orchestrator/disease/non-small cell lung carcinoma Method: GET Status: 200 Process Time: 55.5513s
2026-09-16 10:04:40,321 - app.main - INFO - Path: /api/orchestrator/disease/non-small cell lung carcinoma Method: GET Status: 200 Process Time: 57.3686s
2026-09-16 10:09:08,241 - app.main - INFO - Path: /api/orchestrator/disease/non-small cell lung carcinoma Method: GET Status: 200 Process Time: 36.1468s
2026-09-16 10:12:08,060 - app.main - INFO - Path: /api/orchestrator/disease/alzheimer's disease Method: GET Status: 200 Process Time: 45.4670s
2026-09-16 10:18:52,642 - app.main - INFO - Path: /api/orchestrator/disease/alzheimer's disease Method: GET Status: 200 Process Time: 53.2690s
